Archive member included to satisfy reference by file (symbol)

C:/ST/STM32CubeIDE_2.0.0/STM32CubeIDE/plugins/com.st.stm32cube.ide.mcu.externaltools.gnu-tools-for-stm32.13.3.rel1.win32_1.0.100.202509120712/tools/bin/../lib/gcc/arm-none-eabi/13.3.1/../../../../arm-none-eabi/lib/thumb/v7-m/nofp\libc_nano.a(libc_a-exit.o)
                              C:/ST/STM32CubeIDE_2.0.0/STM32CubeIDE/plugins/com.st.stm32cube.ide.mcu.externaltools.gnu-tools-for-stm32.13.3.rel1.win32_1.0.100.202509120712/tools/bin/../lib/gcc/arm-none-eabi/13.3.1/../../../../arm-none-eabi/lib/thumb/v7-m/nofp/crt0.o (exit)
C:/ST/STM32CubeIDE_2.0.0/STM32CubeIDE/plugins/com.st.stm32cube.ide.mcu.externaltools.gnu-tools-for-stm32.13.3.rel1.win32_1.0.100.202509120712/tools/bin/../lib/gcc/arm-none-eabi/13.3.1/../../../../arm-none-eabi/lib/thumb/v7-m/nofp\libc_nano.a(libc_a-findfp.o)
                              C:/ST/STM32CubeIDE_2.0.0/STM32CubeIDE/plugins/com.st.stm32cube.ide.mcu.externaltools.gnu-tools-for-stm32.13.3.rel1.win32_1.0.100.202509120712/tools/bin/../lib/gcc/arm-none-eabi/13.3.1/../../../../arm-none-eabi/lib/thumb/v7-m/nofp\libc_nano.a(libc_a-exit.o) (__stdio_exit_handler)
C:/ST/STM32CubeIDE_2.0.0/STM32CubeIDE/plugins/com.st.stm32cube.ide.mcu.externaltools.gnu-tools-for-stm32.13.3.rel1.win32_1.0.100.202509120712/tools/bin/../lib/gcc/arm-none-eabi/13.3.1/../../../../arm-none-eabi/lib/thumb/v7-m/nofp\libc_nano.a(libc_a-fwalk.o)
                              C:/ST/STM32CubeIDE_2.0.0/STM32CubeIDE/plugins/com.st.stm32cube.ide.mcu.externaltools.gnu-tools-for-stm32.13.3.rel1.win32_1.0.100.202509120712/tools/bin/../lib/gcc/arm-none-eabi/13.3.1/../../../../arm-none-eabi/lib/thumb/v7-m/nofp\libc_nano.a(libc_a-findfp.o) (_fwalk_sglue)
C:/ST/STM32CubeIDE_2.0.0/STM32CubeIDE/plugins/com.st.stm32cube.ide.mcu.externaltools.gnu-tools-for-stm32.13.3.rel1.win32_1.0.100.202509120712/tools/bin/../lib/gcc/arm-none-eabi/13.3.1/../../../../arm-none-eabi/lib/thumb/v7-m/nofp\libc_nano.a(libc_a-putchar.o)
                              ./Core/Src/cli.o (putchar)
C:/ST/STM32CubeIDE_2.0.0/STM32CubeIDE/plugins/com.st.stm32cube.ide.mcu.externaltools.gnu-tools-for-stm32.13.3.rel1.win32_1.0.100.202509120712/tools/bin/../lib/gcc/arm-none-eabi/13.3.1/../../../../arm-none-eabi/lib/thumb/v7-m/nofp\libc_nano.a(libc_a-stdio.o)
                              C:/ST/STM32CubeIDE_2.0.0/STM32CubeIDE/plugins/com.st.stm32cube.ide.mcu.externaltools.gnu-tools-for-stm32.13.3.rel1.win32_1.0.100.202509120712/tools/bin/../lib/gcc/arm-none-eabi/13.3.1/../../../../arm-none-eabi/lib/thumb/v7-m/nofp\libc_nano.a(libc_a-findfp.o) (__sread)
C:/ST/STM32CubeIDE_2.0.0/STM32CubeIDE/plugins/com.st.stm32cube.ide.mcu.externaltools.gnu-tools-for-stm32.13.3.rel1.win32_1.0.100.202509120712/tools/bin/../lib/gcc/arm-none-eabi/13.3.1/../../../../arm-none-eabi/lib/thumb/v7-m/nofp\libc_nano.a(libc_a-vsnprintf.o)
                              ./Core/Src/cli.o (vsnprintf)
C:/ST/STM32CubeIDE_2.0.0/STM32CubeIDE/plugins/com.st.stm32cube.ide.mcu.externaltools.gnu-tools-for-stm32.13.3.rel1.win32_1.0.100.202509120712/tools/bin/../lib/gcc/arm-none-eabi/13.3.1/../../../../arm-none-eabi/lib/thumb/v7-m/nofp\libc_nano.a(libc_a-memset.o)
                              C:/ST/STM32CubeIDE_2.0.0/STM32CubeIDE/plugins/com.st.stm32cube.ide.mcu.externaltools.gnu-tools-for-stm32.13.3.rel1.win32_1.0.100.202509120712/tools/bin/../lib/gcc/arm-none-eabi/13.3.1/../../../../arm-none-eabi/lib/thumb/v7-m/nofp/crt0.o (memset)
C:/ST/STM32CubeIDE_2.0.0/STM32CubeIDE/plugins/com.st.stm32cube.ide.mcu.externaltools.gnu-tools-for-stm32.13.3.rel1.win32_1.0.100.202509120712/tools/bin/../lib/gcc/arm-none-eabi/13.3.1/../../../../arm-none-eabi/lib/thumb/v7-m/nofp\libc_nano.a(libc_a-strtok.o)
                              ./Core/Src/cli.o (strtok)
C:/ST/STM32CubeIDE_2.0.0/STM32CubeIDE/plugins/com.st.stm32cube.ide.mcu.externaltools.gnu-tools-for-stm32.13.3.rel1.win32_1.0.100.202509120712/tools/bin/../lib/gcc/arm-none-eabi/13.3.1/../../../../arm-none-eabi/lib/thumb/v7-m/nofp\libc_nano.a(libc_a-strtok_r.o)
                              C:/ST/STM32CubeIDE_2.0.0/STM32CubeIDE/plugins/com.st.stm32cube.ide.mcu.externaltools.gnu-tools-for-stm32.13.3.rel1.win32_1.0.100.202509120712/tools/bin/../lib/gcc/arm-none-eabi/13.3.1/../../../../arm-none-eabi/lib/thumb/v7-m/nofp\libc_nano.a(libc_a-strtok.o) (__strtok_r)
C:/ST/STM32CubeIDE_2.0.0/STM32CubeIDE/plugins/com.st.stm32cube.ide.mcu.externaltools.gnu-tools-for-stm32.13.3.rel1.win32_1.0.100.202509120712/tools/bin/../lib/gcc/arm-none-eabi/13.3.1/../../../../arm-none-eabi/lib/thumb/v7-m/nofp\libc_nano.a(libc_a-closer.o)
                              C:/ST/STM32CubeIDE_2.0.0/STM32CubeIDE/plugins/com.st.stm32cube.ide.mcu.externaltools.gnu-tools-for-stm32.13.3.rel1.win32_1.0.100.202509120712/tools/bin/../lib/gcc/arm-none-eabi/13.3.1/../../../../arm-none-eabi/lib/thumb/v7-m/nofp\libc_nano.a(libc_a-stdio.o) (_close_r)
[...]
Memory Configuration

Name             Origin             Length             Attributes
RAM              0x20000000         0x00005000         xrw
FLASH            0x08000000         0x00004000         xr
*default*        0x00000000         0xffffffff

Linker script and memory map

LOAD C:/ST/STM32CubeIDE_2.0.0/STM32CubeIDE/plugins/com.st.stm32cube.ide.mcu.externaltools.gnu-tools-for-stm32.13.3.rel1.win32_1.0.100.202509120712/tools/bin/../lib/gcc/arm-none-eabi/13.3.1/thumb/v7-m/nofp/crti.o
LOAD C:/ST/STM32CubeIDE_2.0.0/STM32CubeIDE/plugins/com.st.stm32cube.ide.mcu.externaltools.gnu-tools-for-stm32.13.3.rel1.win32_1.0.100.202509120712/tools/bin/../lib/gcc/arm-none-eabi/13.3.1/thumb/v7-m/nofp/crtbegin.o
LOAD C:/ST/STM32CubeIDE_2.0.0/STM32CubeIDE/plugins/com.st.stm32cube.ide.mcu.externaltools.gnu-tools-for-stm32.13.3.rel1.win32_1.0.100.202509120712/tools/bin/../lib/gcc/arm-none-eabi/13.3.1/../../../../arm-none-eabi/lib/thumb/v7-m/nofp/crt0.o
LOAD ./Core/Src/boot.o
LOAD ./Core/Src/bsp.o
LOAD ./Core/Src/cli.o
LOAD ./Core/Src/dma.o
LOAD ./Core/Src/iwdg.o
LOAD ./Core/Src/main.o
LOAD ./Core/Src/qbuffer.o
LOAD ./Core/Src/rtc.o
LOAD ./Core/Src/stm32f1xx_it.o
LOAD ./Core/Src/syscalls.o
LOAD ./Core/Src/sysmem.o
LOAD ./Core/Src/system_stm32f1xx.o
LOAD ./Core/Src/uart.o
LOAD ./Core/Startup/startup_stm32f103rbtx.o
LOAD ./Drivers/STM32F1xx_HAL_Driver/Src/stm32f1xx_ll_dma.o
LOAD ./Drivers/STM32F1xx_HAL_Driver/Src/stm32f1xx_ll_exti.o
LOAD ./Drivers/STM32F1xx_HAL_Driver/Src/stm32f1xx_ll_gpio.o
LOAD ./Drivers/STM32F1xx_HAL_Driver/Src/stm32f1xx_ll_pwr.o
LOAD ./Drivers/STM32F1xx_HAL_Driver/Src/stm32f1xx_ll_rcc.o
LOAD ./Drivers/STM32F1xx_HAL_Driver/Src/stm32f1xx_ll_rtc.o
LOAD ./Drivers/STM32F1xx_HAL_Driver/Src/stm32f1xx_ll_usart.o
LOAD ./Drivers/STM32F1xx_HAL_Driver/Src/stm32f1xx_ll_utils.o
START GROUP
LOAD C:/ST/STM32CubeIDE_2.0.0/STM32CubeIDE/plugins/com.st.stm32cube.ide.mcu.externaltools.gnu-tools-for-stm32.13.3.rel1.win32_1.0.100.202509120712/tools/bin/../lib/gcc/arm-none-eabi/13.3.1/../../../../arm-none-eabi/lib/thumb/v7-m/nofp\libc_nano.a
LOAD C:/ST/STM32CubeIDE_2.0.0/STM32CubeIDE/plugins/com.st.stm32cube.ide.mcu.externaltools.gnu-tools-for-stm32.13.3.rel1.win32_1.0.100.202509120712/tools/bin/../lib/gcc/arm-none-eabi/13.3.1/../../../../arm-none-eabi/lib/thumb/v7-m/nofp\libm.a
END GROUP
START GROUP
LOAD C:/ST/STM32CubeIDE_2.0.0/STM32CubeIDE/plugins/com.st.stm32cube.ide.mcu.externaltools.gnu-tools-for-stm32.13.3.rel1.win32_1.0.100.202509120712/tools/bin/../lib/gcc/arm-none-eabi/13.3.1/thumb/v7-m/nofp\libgcc.a
LOAD C:/ST/STM32CubeIDE_2.0.0/STM32CubeIDE/plugins/com.st.stm32cube.ide.mcu.externaltools.gnu-tools-for-stm32.13.3.rel1.win32_1.0.100.202509120712/tools/bin/../lib/gcc/arm-none-eabi/13.3.1/../../../../arm-none-eabi/lib/thumb/v7-m/nofp\libc_nano.a
END GROUP
START GROUP
LOAD C:/ST/STM32CubeIDE_2.0.0/STM32CubeIDE/plugins/com.st.stm32cube.ide.mcu.externaltools.gnu-tools-for-stm32.13.3.rel1.win32_1.0.100.202509120712/tools/bin/../lib/gcc/arm-none-eabi/13.3.1/thumb/v7-m/nofp\libgcc.a
LOAD C:/ST/STM32CubeIDE_2.0.0/STM32CubeIDE/plugins/com.st.stm32cube.ide.mcu.externaltools.gnu-tools-for-stm32.13.3.rel1.win32_1.0.100.202509120712/tools/bin/../lib/gcc/arm-none-eabi/13.3.1/../../../../arm-none-eabi/lib/thumb/v7-m/nofp\libc_nano.a
LOAD C:/ST/STM32CubeIDE_2.0.0/STM32CubeIDE/plugins/com.st.stm32cube.ide.mcu.externaltools.gnu-tools-for-stm32.13.3.rel1.win32_1.0.100.202509120712/tools/bin/../lib/gcc/arm-none-eabi/13.3.1/../../../../arm-none-eabi/lib/thumb/v7-m/nofp\libnosys.a
END GROUP
START GROUP
LOAD C:/ST/STM32CubeIDE_2.0.0/STM32CubeIDE/plugins/com.st.stm32cube.ide.mcu.externaltools.gnu-tools-for-stm32.13.3.rel1.win32_1.0.100.202509120712/tools/bin/../lib/gcc/arm-none-eabi/13.3.1/thumb/v7-m/nofp\libgcc.a
LOAD C:/ST/STM32CubeIDE_2.0.0/STM32CubeIDE/plugins/com.st.stm32cube.ide.mcu.externaltools.gnu-tools-for-stm32.13.3.rel1.win32_1.0.100.202509120712/tools/bin/../lib/gcc/arm-none-eabi/13.3.1/../../../../arm-none-eabi/lib/thumb/v7-m/nofp\libc_nano.a
LOAD C:/ST/STM32CubeIDE_2.0.0/STM32CubeIDE/plugins/com.st.stm32cube.ide.mcu.externaltools.gnu-tools-for-stm32.13.3.rel1.win32_1.0.100.202509120712/tools/bin/../lib/gcc/arm-none-eabi/13.3.1/../../../../arm-none-eabi/lib/thumb/v7-m/nofp\libnosys.a
END GROUP
LOAD C:/ST/STM32CubeIDE_2.0.0/STM32CubeIDE/plugins/com.st.stm32cube.ide.mcu.externaltools.gnu-tools-for-stm32.13.3.rel1.win32_1.0.100.202509120712/tools/bin/../lib/gcc/arm-none-eabi/13.3.1/thumb/v7-m/nofp/crtend.o
LOAD C:/ST/STM32CubeIDE_2.0.0/STM32CubeIDE/plugins/com.st.stm32cube.ide.mcu.externaltools.gnu-tools-for-stm32.13.3.rel1.win32_1.0.100.202509120712/tools/bin/../lib/gcc/arm-none-eabi/13.3.1/thumb/v7-m/nofp/crtn.o
                0x20005000                        _estack = (ORIGIN (RAM) + LENGTH (RAM))
                0x00000200                        _Min_Heap_Size = 0x200
                0x00000400                        _Min_Stack_Size = 0x400

.isr_vector     0x08000000      0x10c
                0x08000000                        . = ALIGN (0x4)
 *(.isr_vector)
 .isr_vector    0x08000000      0x10c ./Core/Startup/startup_stm32f103rbtx.o
                0x08000000                g_pfnVectors
                0x0800010c                        . = ALIGN (0x4)

.text           0x0800010c     0x2044
                0x0800010c                        . = ALIGN (0x4)
 *(.text)
 .text          0x0800010c       0x40 C:/ST/STM32CubeIDE_2.0.0/STM32CubeIDE/plugins/com.st.stm32cube.ide.mcu.externaltools.gnu-tools-for-stm32.13.3.rel1.win32_1.0.100.202509120712/tools/bin/../lib/gcc/arm-none-eabi/13.3.1/thumb/v7-m/nofp/crtbegin.o
 *(.text*)
 .text.__NVIC_SetPriorityGrouping
                0x0800014c       0x48 ./Core/Src/bsp.o
 .text.__NVIC_GetPriorityGrouping
                0x08000194       0x1c ./Core/Src/bsp.o
 .text.__NVIC_EnableIRQ
                0x080001b0       0x38 ./Core/Src/bsp.o
 .text.__NVIC_SetPriority
                0x080001e8       0x54 ./Core/Src/bsp.o
 .text.NVIC_EncodePriority
                0x0800023c       0x64 ./Core/Src/bsp.o
 .text.LL_GPIO_SetPinMode
                0x080002a0       0x64 ./Core/Src/bsp.o
 .text.LL_GPIO_ResetOutputPin
                0x08000304       0x1e ./Core/Src/bsp.o
 *fill*         0x08000322        0x2 
 .text.LL_GPIO_AF_Remap_SWJ_NOJTAG
                0x08000324       0x20 ./Core/Src/bsp.o
 .text.LL_GPIO_AF_SetEXTISource
                0x08000344       0x5c ./Core/Src/bsp.o
 .text.LL_PWR_EnableBkUpAccess
                0x080003a0       0x1c ./Core/Src/bsp.o
 .text.LL_RCC_HSI_Enable
                0x080003bc       0x1c ./Core/Src/bsp.o
 .text.LL_RCC_HSI_IsReady
                0x080003d8       0x24 ./Core/Src/bsp.o
 .text.LL_RCC_HSI_SetCalibTrimming
                0x080003fc       0x28 ./Core/Src/bsp.o
 .text.LL_RCC_LSE_Enable
                0x08000424       0x1c ./Core/Src/bsp.o
 .text.LL_RCC_LSE_IsReady
                0x08000440       0x24 ./Core/Src/bsp.o
 .text.LL_RCC_LSI_Enable
                0x08000464       0x1c ./Core/Src/bsp.o
 .text.LL_RCC_LSI_IsReady
                0x08000480       0x24 ./Core/Src/bsp.o
 .text.LL_RCC_SetSysClkSource
                0x080004a4       0x28 ./Core/Src/bsp.o
 .text.LL_RCC_GetSysClkSource
                0x080004cc       0x18 ./Core/Src/bsp.o
 .text.LL_RCC_SetAHBPrescaler
                0x080004e4       0x28 ./Core/Src/bsp.o
 .text.LL_RCC_SetAPB1Prescaler
                0x0800050c       0x28 ./Core/Src/bsp.o
 .text.LL_RCC_SetAPB2Prescaler
                0x08000534       0x28 ./Core/Src/bsp.o
 .text.LL_RCC_SetRTCClockSource
                0x0800055c       0x28 ./Core/Src/bsp.o
 .text.LL_RCC_GetRTCClockSource
                0x08000584       0x18 ./Core/Src/bsp.o
 .text.LL_RCC_EnableRTC
                0x0800059c       0x1c ./Core/Src/bsp.o
 .text.LL_RCC_ForceBackupDomainReset
                0x080005b8       0x1c ./Core/Src/bsp.o
 .text.LL_RCC_ReleaseBackupDomainReset
                0x080005d4       0x1c ./Core/Src/bsp.o
 .text.LL_RCC_PLL_Enable
                0x080005f0       0x1c ./Core/Src/bsp.o
 .text.LL_RCC_PLL_IsReady
                0x0800060c       0x24 ./Core/Src/bsp.o
 .text.LL_RCC_PLL_ConfigDomain_SYS
                0x08000630       0x30 ./Core/Src/bsp.o
 .text.LL_APB1_GRP1_EnableClock
                0x08000660       0x30 ./Core/Src/bsp.o
 .text.LL_APB2_GRP1_EnableClock
                0x08000690       0x30 ./Core/Src/bsp.o
 .text.LL_FLASH_SetLatency
                0x080006c0       0x28 ./Core/Src/bsp.o
 .text.LL_FLASH_GetLatency
                0x080006e8       0x18 ./Core/Src/bsp.o
 .text.SystemClock_Config
                0x08000700       0xd0 ./Core/Src/bsp.o
                0x08000700                SystemClock_Config
 .text.bsp_Init
                0x080007d0       0xe0 ./Core/Src/bsp.o
                0x080007d0                bsp_Init
 .text.delay    0x080008b0       0x16 ./Core/Src/bsp.o
                0x080008b0                delay
 .text.cli_Init
                0x080008c6        0xe ./Core/Src/cli.o
                0x080008c6                cli_Init
 .text.__NVIC_GetPriorityGrouping
                0x080008d4       0x1c ./Core/Src/dma.o
 .text.__NVIC_EnableIRQ
                0x080008f0       0x38 ./Core/Src/dma.o
 .text.__NVIC_SetPriority
                0x08000928       0x54 ./Core/Src/dma.o
 .text.NVIC_EncodePriority
                0x0800097c       0x64 ./Core/Src/dma.o
 .text.LL_AHB1_GRP1_EnableClock
                0x080009e0       0x30 ./Core/Src/dma.o
 .text.MX_DMA_Init
                0x08000a10       0x2e ./Core/Src/dma.o
                0x08000a10                MX_DMA_Init
 .text.LL_GPIO_TogglePin
                0x08000a3e       0x38 ./Core/Src/main.o
 *fill*         0x08000a76        0x2 
 .text.main     0x08000a78       0x34 ./Core/Src/main.o
                0x08000a78                main
 .text.qbufferCreate
                0x08000aac       0x4c ./Core/Src/qbuffer.o
                0x08000aac                qbufferCreate
 .text.qbufferWrite
                0x08000af8       0xda ./Core/Src/qbuffer.o
                0x08000af8                qbufferWrite
 *fill*         0x08000bd2        0x2 
 .text.LL_PWR_EnableBkUpAccess
                0x08000bd4       0x1c ./Core/Src/rtc.o
 .text.LL_RCC_EnableRTC
                0x08000bf0       0x1c ./Core/Src/rtc.o
 .text.LL_APB1_GRP1_EnableClock
                0x08000c0c       0x30 ./Core/Src/rtc.o
 .text.LL_RTC_SetAsynchPrescaler
                0x08000c3c       0x38 ./Core/Src/rtc.o
 .text.MX_RTC_Init
                0x08000c74       0x6c ./Core/Src/rtc.o
                0x08000c74                MX_RTC_Init
 .text.LL_EXTI_IsActiveFlag_0_31
                0x08000ce0       0x2c ./Core/Src/stm32f1xx_it.o
 .text.LL_EXTI_ClearFlag_0_31
                0x08000d0c       0x1c ./Core/Src/stm32f1xx_it.o
 .text.NMI_Handler
                0x08000d28        0x8 ./Core/Src/stm32f1xx_it.o
                0x08000d28                NMI_Handler
 .text.HardFault_Handler
                0x08000d30        0x8 ./Core/Src/stm32f1xx_it.o
                0x08000d30                HardFault_Handler
 .text.MemManage_Handler
                0x08000d38        0x8 ./Core/Src/stm32f1xx_it.o
                0x08000d38                MemManage_Handler
 .text.BusFault_Handler
                0x08000d40        0x8 ./Core/Src/stm32f1xx_it.o
                0x08000d40                BusFault_Handler
 .text.UsageFault_Handler
                0x08000d48        0x8 ./Core/Src/stm32f1xx_it.o
                0x08000d48                UsageFault_Handler
 .text.SVC_Handler
                0x08000d50        0xc ./Core/Src/stm32f1xx_it.o
                0x08000d50                SVC_Handler
 .text.DebugMon_Handler
                0x08000d5c        0xc ./Core/Src/stm32f1xx_it.o
                0x08000d5c                DebugMon_Handler
 .text.PendSV_Handler
                0x08000d68        0xc ./Core/Src/stm32f1xx_it.o
                0x08000d68                PendSV_Handler
 .text.SysTick_Handler
                0x08000d74       0x1c ./Core/Src/stm32f1xx_it.o
                0x08000d74                SysTick_Handler
 .text.EXTI15_10_IRQHandler
                0x08000d90       0x1e ./Core/Src/stm32f1xx_it.o
                0x08000d90                EXTI15_10_IRQHandler
 *fill*         0x08000dae        0x2 
 .text.SystemInit
                0x08000db0       0x18 ./Core/Src/system_stm32f1xx.o
                0x08000db0                SystemInit
 .text.LL_DMA_SetDataTransferDirection
                0x08000dc8       0x48 ./Core/Src/uart.o
 .text.LL_DMA_SetMode
                0x08000e10       0x44 ./Core/Src/uart.o
 .text.LL_DMA_SetPeriphIncMode
                0x08000e54       0x44 ./Core/Src/uart.o
 .text.LL_DMA_SetMemoryIncMode
                0x08000e98       0x44 ./Core/Src/uart.o
 .text.LL_DMA_SetPeriphSize
                0x08000edc       0x44 ./Core/Src/uart.o
 .text.LL_DMA_SetMemorySize
                0x08000f20       0x44 ./Core/Src/uart.o
 .text.LL_DMA_SetChannelPriorityLevel
                0x08000f64       0x44 ./Core/Src/uart.o
 .text.LL_DMA_SetDataLength
                0x08000fa8       0x44 ./Core/Src/uart.o
 .text.LL_DMA_ConfigAddresses
                0x08000fec       0x74 ./Core/Src/uart.o
 .text.LL_DMA_EnableIT_TC
                0x08001060       0x3c ./Core/Src/uart.o
 .text.LL_APB1_GRP1_EnableClock
                0x0800109c       0x30 ./Core/Src/uart.o
 .text.LL_APB2_GRP1_EnableClock
                0x080010cc       0x30 ./Core/Src/uart.o
 .text.LL_USART_Enable
                0x080010fc       0x1e ./Core/Src/uart.o
 .text.LL_USART_ConfigAsyncMode
                0x0800111a       0x2a ./Core/Src/uart.o
 .text.LL_USART_EnableIT_IDLE
                0x08001144       0x44 ./Core/Src/uart.o
 .text.DMA1_Channel6_IRQHandler
                0x08001188        0xc ./Core/Src/uart.o
                0x08001188                DMA1_Channel6_IRQHandler
 .text.USART2_IRQHandler
                0x08001194       0x54 ./Core/Src/uart.o
                0x08001194                USART2_IRQHandler
 .text.uart_Init
                0x080011e8      0x140 ./Core/Src/uart.o
                0x080011e8                uart_Init
 .text.Reset_Handler
                0x08001328       0x48 ./Core/Startup/startup_stm32f103rbtx.o
                0x08001328                Reset_Handler
 .text.Default_Handler
                0x08001370        0x2 ./Core/Startup/startup_stm32f103rbtx.o
                0x08001370                RTC_Alarm_IRQHandler
                0x08001370                EXTI2_IRQHandler
                0x08001370                TIM1_CC_IRQHandler
                0x08001370                PVD_IRQHandler
                0x08001370                EXTI3_IRQHandler
                0x08001370                EXTI0_IRQHandler
                0x08001370                I2C2_EV_IRQHandler
                0x08001370                ADC1_2_IRQHandler
                0x08001370                SPI1_IRQHandler
                0x08001370                TAMPER_IRQHandler
                0x08001370                DMA1_Channel4_IRQHandler
                0x08001370                USART3_IRQHandler
                0x08001370                RTC_IRQHandler
                0x08001370                DMA1_Channel7_IRQHandler
                0x08001370                CAN1_RX1_IRQHandler
                0x08001370                TIM4_IRQHandler
                0x08001370                I2C1_EV_IRQHandler
                0x08001370                TIM3_IRQHandler
                0x08001370                RCC_IRQHandler
                0x08001370                TIM1_TRG_COM_IRQHandler
                0x08001370                DMA1_Channel1_IRQHandler
                0x08001370                Default_Handler
                0x08001370                EXTI9_5_IRQHandler
                0x08001370                SPI2_IRQHandler
                0x08001370                DMA1_Channel5_IRQHandler
                0x08001370                EXTI4_IRQHandler
                0x08001370                USB_LP_CAN1_RX0_IRQHandler
                0x08001370                USB_HP_CAN1_TX_IRQHandler
                0x08001370                DMA1_Channel3_IRQHandler
                0x08001370                TIM1_UP_IRQHandler
                0x08001370                WWDG_IRQHandler
                0x08001370                TIM2_IRQHandler
                0x08001370                TIM1_BRK_IRQHandler
                0x08001370                EXTI1_IRQHandler
                0x08001370                I2C2_ER_IRQHandler
                0x08001370                DMA1_Channel2_IRQHandler
                0x08001370                CAN1_SCE_IRQHandler
                0x08001370                FLASH_IRQHandler
                0x08001370                USART1_IRQHandler
                0x08001370                I2C1_ER_IRQHandler
                0x08001370                USBWakeUp_IRQHandler
 *fill*         0x08001372        0x2 
 .text.LL_EXTI_EnableIT_0_31
                0x08001374       0x24 ./Drivers/STM32F1xx_HAL_Driver/Src/stm32f1xx_ll_exti.o
 .text.LL_EXTI_DisableIT_0_31
                0x08001398       0x24 ./Drivers/STM32F1xx_HAL_Driver/Src/stm32f1xx_ll_exti.o
 .text.LL_EXTI_EnableEvent_0_31
                0x080013bc       0x24 ./Drivers/STM32F1xx_HAL_Driver/Src/stm32f1xx_ll_exti.o
 .text.LL_EXTI_DisableEvent_0_31
                0x080013e0       0x24 ./Drivers/STM32F1xx_HAL_Driver/Src/stm32f1xx_ll_exti.o
 .text.LL_EXTI_EnableRisingTrig_0_31
                0x08001404       0x24 ./Drivers/STM32F1xx_HAL_Driver/Src/stm32f1xx_ll_exti.o
 .text.LL_EXTI_DisableRisingTrig_0_31
                0x08001428       0x24 ./Drivers/STM32F1xx_HAL_Driver/Src/stm32f1xx_ll_exti.o
 .text.LL_EXTI_EnableFallingTrig_0_31
                0x0800144c       0x24 ./Drivers/STM32F1xx_HAL_Driver/Src/stm32f1xx_ll_exti.o
 .text.LL_EXTI_DisableFallingTrig_0_31
                0x08001470       0x24 ./Drivers/STM32F1xx_HAL_Driver/Src/stm32f1xx_ll_exti.o
 .text.LL_EXTI_Init
                0x08001494       0xfe ./Drivers/STM32F1xx_HAL_Driver/Src/stm32f1xx_ll_exti.o
                0x08001494                LL_EXTI_Init
 .text.LL_GPIO_SetPinMode
                0x08001592       0x64 ./Drivers/STM32F1xx_HAL_Driver/Src/stm32f1xx_ll_gpio.o
 .text.LL_GPIO_SetPinSpeed
                0x080015f6       0x64 ./Drivers/STM32F1xx_HAL_Driver/Src/stm32f1xx_ll_gpio.o
 .text.LL_GPIO_SetPinOutputType
                0x0800165a       0x64 ./Drivers/STM32F1xx_HAL_Driver/Src/stm32f1xx_ll_gpio.o
 .text.LL_GPIO_SetPinPull
                0x080016be       0x44 ./Drivers/STM32F1xx_HAL_Driver/Src/stm32f1xx_ll_gpio.o
 .text.LL_GPIO_Init
                0x08001702       0xcc ./Drivers/STM32F1xx_HAL_Driver/Src/stm32f1xx_ll_gpio.o
                0x08001702                LL_GPIO_Init
 *fill*         0x080017ce        0x2 
 .text.LL_RCC_GetSysClkSource
                0x080017d0       0x18 ./Drivers/STM32F1xx_HAL_Driver/Src/stm32f1xx_ll_rcc.o
 .text.LL_RCC_GetAHBPrescaler
                0x080017e8       0x18 ./Drivers/STM32F1xx_HAL_Driver/Src/stm32f1xx_ll_rcc.o
 .text.LL_RCC_GetAPB1Prescaler
                0x08001800       0x18 ./Drivers/STM32F1xx_HAL_Driver/Src/stm32f1xx_ll_rcc.o
 .text.LL_RCC_GetAPB2Prescaler
                0x08001818       0x18 ./Drivers/STM32F1xx_HAL_Driver/Src/stm32f1xx_ll_rcc.o
 .text.LL_RCC_PLL_GetMainSource
                0x08001830       0x18 ./Drivers/STM32F1xx_HAL_Driver/Src/stm32f1xx_ll_rcc.o
 .text.LL_RCC_PLL_GetMultiplicator
                0x08001848       0x18 ./Drivers/STM32F1xx_HAL_Driver/Src/stm32f1xx_ll_rcc.o
 .text.LL_RCC_PLL_GetPrediv
                0x08001860       0x1c ./Drivers/STM32F1xx_HAL_Driver/Src/stm32f1xx_ll_rcc.o
 .text.LL_RCC_GetSystemClocksFreq
                0x0800187c       0x4a ./Drivers/STM32F1xx_HAL_Driver/Src/stm32f1xx_ll_rcc.o
                0x0800187c                LL_RCC_GetSystemClocksFreq
 *fill*         0x080018c6        0x2 
 .text.RCC_GetSystemClockFreq
                0x080018c8       0x4c ./Drivers/STM32F1xx_HAL_Driver/Src/stm32f1xx_ll_rcc.o
                0x080018c8                RCC_GetSystemClockFreq
 .text.RCC_GetHCLKClockFreq
                0x08001914       0x2c ./Drivers/STM32F1xx_HAL_Driver/Src/stm32f1xx_ll_rcc.o
                0x08001914                RCC_GetHCLKClockFreq
 .text.RCC_GetPCLK1ClockFreq
                0x08001940       0x28 ./Drivers/STM32F1xx_HAL_Driver/Src/stm32f1xx_ll_rcc.o
                0x08001940                RCC_GetPCLK1ClockFreq
 .text.RCC_GetPCLK2ClockFreq
                0x08001968       0x28 ./Drivers/STM32F1xx_HAL_Driver/Src/stm32f1xx_ll_rcc.o
                0x08001968                RCC_GetPCLK2ClockFreq
 .text.RCC_PLL_GetFreqDomain_SYS
                0x08001990       0x64 ./Drivers/STM32F1xx_HAL_Driver/Src/stm32f1xx_ll_rcc.o
                0x08001990                RCC_PLL_GetFreqDomain_SYS
 .text.LL_RTC_SetAsynchPrescaler
                0x080019f4       0x38 ./Drivers/STM32F1xx_HAL_Driver/Src/stm32f1xx_ll_rtc.o
 .text.LL_RTC_SetOutputSource
                0x08001a2c       0x24 ./Drivers/STM32F1xx_HAL_Driver/Src/stm32f1xx_ll_rtc.o
 .text.LL_RTC_EnableWriteProtection
                0x08001a50       0x1e ./Drivers/STM32F1xx_HAL_Driver/Src/stm32f1xx_ll_rtc.o
 .text.LL_RTC_DisableWriteProtection
                0x08001a6e       0x1e ./Drivers/STM32F1xx_HAL_Driver/Src/stm32f1xx_ll_rtc.o
 .text.LL_RTC_TIME_Set
                0x08001a8c       0x24 ./Drivers/STM32F1xx_HAL_Driver/Src/stm32f1xx_ll_rtc.o
 .text.LL_RTC_TAMPER_Disable
                0x08001ab0       0x24 ./Drivers/STM32F1xx_HAL_Driver/Src/stm32f1xx_ll_rtc.o
 .text.LL_RTC_ClearFlag_ALR
                0x08001ad4       0x1e ./Drivers/STM32F1xx_HAL_Driver/Src/stm32f1xx_ll_rtc.o
 .text.LL_RTC_IsActiveFlag_RS
                0x08001af2       0x24 ./Drivers/STM32F1xx_HAL_Driver/Src/stm32f1xx_ll_rtc.o
 .text.LL_RTC_ClearFlag_RS
                0x08001b16       0x1e ./Drivers/STM32F1xx_HAL_Driver/Src/stm32f1xx_ll_rtc.o
 .text.LL_RTC_ClearFlag_OW
                0x08001b34       0x1e ./Drivers/STM32F1xx_HAL_Driver/Src/stm32f1xx_ll_rtc.o
 .text.LL_RTC_ClearFlag_SEC
                0x08001b52       0x1e ./Drivers/STM32F1xx_HAL_Driver/Src/stm32f1xx_ll_rtc.o
 .text.LL_RTC_IsActiveFlag_RTOF
                0x08001b70       0x24 ./Drivers/STM32F1xx_HAL_Driver/Src/stm32f1xx_ll_rtc.o
 .text.LL_SYSTICK_IsActiveCounterFlag
                0x08001b94       0x24 ./Drivers/STM32F1xx_HAL_Driver/Src/stm32f1xx_ll_rtc.o
 .text.LL_RTC_Init
                0x08001bb8       0x78 ./Drivers/STM32F1xx_HAL_Driver/Src/stm32f1xx_ll_rtc.o
                0x08001bb8                LL_RTC_Init
 .text.LL_RTC_TIME_Init
                0x08001c30       0xec ./Drivers/STM32F1xx_HAL_Driver/Src/stm32f1xx_ll_rtc.o
                0x08001c30                LL_RTC_TIME_Init
 .text.LL_RTC_EnterInitMode
                0x08001d1c       0x5e ./Drivers/STM32F1xx_HAL_Driver/Src/stm32f1xx_ll_rtc.o
                0x08001d1c                LL_RTC_EnterInitMode
 .text.LL_RTC_ExitInitMode
                0x08001d7a       0x5e ./Drivers/STM32F1xx_HAL_Driver/Src/stm32f1xx_ll_rtc.o
                0x08001d7a                LL_RTC_ExitInitMode
 .text.LL_RTC_WaitForSynchro
                0x08001dd8       0x5e ./Drivers/STM32F1xx_HAL_Driver/Src/stm32f1xx_ll_rtc.o
                0x08001dd8                LL_RTC_WaitForSynchro
 .text.LL_USART_IsEnabled
                0x08001e36       0x26 ./Drivers/STM32F1xx_HAL_Driver/Src/stm32f1xx_ll_usart.o
 .text.LL_USART_SetStopBitsLength
                0x08001e5c       0x24 ./Drivers/STM32F1xx_HAL_Driver/Src/stm32f1xx_ll_usart.o
 .text.LL_USART_SetHWFlowCtrl
                0x08001e80       0x24 ./Drivers/STM32F1xx_HAL_Driver/Src/stm32f1xx_ll_usart.o
 .text.LL_USART_SetBaudRate
                0x08001ea4       0xbc ./Drivers/STM32F1xx_HAL_Driver/Src/stm32f1xx_ll_usart.o
 .text.LL_USART_Init
                0x08001f60       0xc0 ./Drivers/STM32F1xx_HAL_Driver/Src/stm32f1xx_ll_usart.o
                0x08001f60                LL_USART_Init
 .text.LL_InitTick
                0x08002020       0x34 ./Drivers/STM32F1xx_HAL_Driver/Src/stm32f1xx_ll_utils.o
 .text.LL_Init1msTick
                0x08002054       0x1a ./Drivers/STM32F1xx_HAL_Driver/Src/stm32f1xx_ll_utils.o
                0x08002054                LL_Init1msTick
 *fill*         0x0800206e        0x2 
 .text.LL_mDelay
                0x08002070       0x48 ./Drivers/STM32F1xx_HAL_Driver/Src/stm32f1xx_ll_utils.o
                0x08002070                LL_mDelay
 .text.LL_SetSystemCoreClock
                0x080020b8       0x1c ./Drivers/STM32F1xx_HAL_Driver/Src/stm32f1xx_ll_utils.o
                0x080020b8                LL_SetSystemCoreClock
 .text.__libc_init_array
                0x080020d4       0x48 C:/ST/STM32CubeIDE_2.0.0/STM32CubeIDE/plugins/com.st.stm32cube.ide.mcu.externaltools.gnu-tools-for-stm32.13.3.rel1.win32_1.0.100.202509120712/tools/bin/../lib/gcc/arm-none-eabi/13.3.1/../../../../arm-none-eabi/lib/thumb/v7-m/nofp\libc_nano.a(libc_a-init.o)
                0x080020d4                __libc_init_array
 .text.memcpy   0x0800211c       0x1c C:/ST/STM32CubeIDE_2.0.0/STM32CubeIDE/plugins/com.st.stm32cube.ide.mcu.externaltools.gnu-tools-for-stm32.13.3.rel1.win32_1.0.100.202509120712/tools/bin/../lib/gcc/arm-none-eabi/13.3.1/../../../../arm-none-eabi/lib/thumb/v7-m/nofp\libc_nano.a(libc_a-memcpy-stub.o)
                0x0800211c                memcpy
 *(.glue_7)
 .glue_7        0x08002138        0x0 linker stubs
 *(.glue_7t)
 .glue_7t       0x08002138        0x0 linker stubs
 *(.eh_frame)
 .eh_frame      0x08002138        0x0 C:/ST/STM32CubeIDE_2.0.0/STM32CubeIDE/plugins/com.st.stm32cube.ide.mcu.externaltools.gnu-tools-for-stm32.13.3.rel1.win32_1.0.100.202509120712/tools/bin/../lib/gcc/arm-none-eabi/13.3.1/thumb/v7-m/nofp/crtbegin.o
 *(.init)
 .init          0x08002138        0x4 C:/ST/STM32CubeIDE_2.0.0/STM32CubeIDE/plugins/com.st.stm32cube.ide.mcu.externaltools.gnu-tools-for-stm32.13.3.rel1.win32_1.0.100.202509120712/tools/bin/../lib/gcc/arm-none-eabi/13.3.1/thumb/v7-m/nofp/crti.o
                0x08002138                _init
 .init          0x0800213c        0x8 C:/ST/STM32CubeIDE_2.0.0/STM32CubeIDE/plugins/com.st.stm32cube.ide.mcu.externaltools.gnu-tools-for-stm32.13.3.rel1.win32_1.0.100.202509120712/tools/bin/../lib/gcc/arm-none-eabi/13.3.1/thumb/v7-m/nofp/crtn.o
 *(.fini)
 .fini          0x08002144        0x4 C:/ST/STM32CubeIDE_2.0.0/STM32CubeIDE/plugins/com.st.stm32cube.ide.mcu.externaltools.gnu-tools-for-stm32.13.3.rel1.win32_1.0.100.202509120712/tools/bin/../lib/gcc/arm-none-eabi/13.3.1/thumb/v7-m/nofp/crti.o
                0x08002144                _fini
 .fini          0x08002148        0x8 C:/ST/STM32CubeIDE_2.0.0/STM32CubeIDE/plugins/com.st.stm32cube.ide.mcu.externaltools.gnu-tools-for-stm32.13.3.rel1.win32_1.0.100.202509120712/tools/bin/../lib/gcc/arm-none-eabi/13.3.1/thumb/v7-m/nofp/crtn.o
                0x08002150                        . = ALIGN (0x4)
                0x08002150                        _etext = .

.vfp11_veneer   0x08002150        0x0
 .vfp11_veneer  0x08002150        0x0 linker stubs

.v4_bx          0x08002150        0x0
 .v4_bx         0x08002150        0x0 linker stubs

.iplt           0x08002150        0x0
 .iplt          0x08002150        0x0 C:/ST/STM32CubeIDE_2.0.0/STM32CubeIDE/plugins/com.st.stm32cube.ide.mcu.externaltools.gnu-tools-for-stm32.13.3.rel1.win32_1.0.100.202509120712/tools/bin/../lib/gcc/arm-none-eabi/13.3.1/thumb/v7-m/nofp/crtbegin.o

.rodata         0x08002150       0x20
                0x08002150                        . = ALIGN (0x4)
 *(.rodata)
 *(.rodata*)
 .rodata.AHBPrescTable
                0x08002150       0x10 ./Core/Src/system_stm32f1xx.o
                0x08002150                AHBPrescTable
 .rodata.APBPrescTable
                0x08002160        0x8 ./Core/Src/system_stm32f1xx.o
                0x08002160                APBPrescTable
 .rodata.CHANNEL_OFFSET_TAB
                0x08002168        0x7 ./Core/Src/uart.o
                0x08002170                        . = ALIGN (0x4)
 *fill*         0x0800216f        0x1 

.ARM.extab      0x08002170        0x0
                0x08002170                        . = ALIGN (0x4)
 *(.ARM.extab* .gnu.linkonce.armextab.*)
                0x08002170                        . = ALIGN (0x4)

.ARM            0x08002170        0x0
                0x08002170                        . = ALIGN (0x4)
                0x08002170                        __exidx_start = .
 *(.ARM.exidx*)
                0x08002170                        __exidx_end = .
                0x08002170                        . = ALIGN (0x4)

.preinit_array  0x08002170        0x0
                0x08002170                        . = ALIGN (0x4)
                0x08002170                        PROVIDE (__preinit_array_start = .)
 *(.preinit_array*)
                0x08002170                        PROVIDE (__preinit_array_end = .)
                0x08002170                        . = ALIGN (0x4)

.init_array     0x08002170        0x4
                0x08002170                        . = ALIGN (0x4)
                0x08002170                        PROVIDE (__init_array_start = .)
 *(SORT_BY_NAME(.init_array.*))
 *(.init_array*)
 .init_array    0x08002170        0x4 C:/ST/STM32CubeIDE_2.0.0/STM32CubeIDE/plugins/com.st.stm32cube.ide.mcu.externaltools.gnu-tools-for-stm32.13.3.rel1.win32_1.0.100.202509120712/tools/bin/../lib/gcc/arm-none-eabi/13.3.1/thumb/v7-m/nofp/crtbegin.o
                0x08002174                        PROVIDE (__init_array_end = .)
                0x08002174                        . = ALIGN (0x4)

.fini_array     0x08002174        0x4
                0x08002174                        . = ALIGN (0x4)
                [!provide]                        PROVIDE (__fini_array_start = .)
 *(SORT_BY_NAME(.fini_array.*))
 *(.fini_array*)
 .fini_array    0x08002174        0x4 C:/ST/STM32CubeIDE_2.0.0/STM32CubeIDE/plugins/com.st.stm32cube.ide.mcu.externaltools.gnu-tools-for-stm32.13.3.rel1.win32_1.0.100.202509120712/tools/bin/../lib/gcc/arm-none-eabi/13.3.1/thumb/v7-m/nofp/crtbegin.o
                [!provide]                        PROVIDE (__fini_array_end = .)
                0x08002178                        . = ALIGN (0x4)
                0x08002178                        _sidata = LOADADDR (.data)

.rel.dyn        0x08002178        0x0
 .rel.iplt      0x08002178        0x0 C:/ST/STM32CubeIDE_2.0.0/STM32CubeIDE/plugins/com.st.stm32cube.ide.mcu.externaltools.gnu-tools-for-stm32.13.3.rel1.win32_1.0.100.202509120712/tools/bin/../lib/gcc/arm-none-eabi/13.3.1/thumb/v7-m/nofp/crtbegin.o

.data           0x20000000        0x4 load address 0x08002178
                0x20000000                        . = ALIGN (0x4)
                0x20000000                        _sdata = .
 *(.data)
 *(.data*)
 .data.SystemCoreClock
                0x20000000        0x4 ./Core/Src/system_stm32f1xx.o
                0x20000000                SystemCoreClock
 *(.RamFunc)
 *(.RamFunc*)
                0x20000004                        . = ALIGN (0x4)
                0x20000004                        _edata = .

.igot.plt       0x20000004        0x0 load address 0x0800217c
 .igot.plt      0x20000004        0x0 C:/ST/STM32CubeIDE_2.0.0/STM32CubeIDE/plugins/com.st.stm32cube.ide.mcu.externaltools.gnu-tools-for-stm32.13.3.rel1.win32_1.0.100.202509120712/tools/bin/../lib/gcc/arm-none-eabi/13.3.1/thumb/v7-m/nofp/crtbegin.o
                0x20000004                        . = ALIGN (0x4)

.bss            0x20000004      0x238 load address 0x0800217c
                0x20000004                        _sbss = .
                0x20000004                        __bss_start__ = _sbss
 *(.bss)
 .bss           0x20000004       0x1c C:/ST/STM32CubeIDE_2.0.0/STM32CubeIDE/plugins/com.st.stm32cube.ide.mcu.externaltools.gnu-tools-for-stm32.13.3.rel1.win32_1.0.100.202509120712/tools/bin/../lib/gcc/arm-none-eabi/13.3.1/thumb/v7-m/nofp/crtbegin.o
 *(.bss*)
 .bss.tick      0x20000020        0x4 ./Core/Src/stm32f1xx_it.o
                0x20000020                tick
 .bss.qbuffer   0x20000024       0x14 ./Core/Src/uart.o
                0x20000024                qbuffer
 .bss.DMA_buffer
                0x20000038      0x100 ./Core/Src/uart.o
                0x20000038                DMA_buffer
 .bss.second_buffer
                0x20000138      0x100 ./Core/Src/uart.o
                0x20000138                second_buffer
 .bss.last_pos.0
                0x20000238        0x4 ./Core/Src/uart.o
 *(COMMON)
                0x2000023c                        . = ALIGN (0x4)
                0x2000023c                        _ebss = .
                0x2000023c                        __bss_end__ = _ebss

._user_heap_stack
                0x2000023c      0x604 load address 0x0800217c
                0x20000240                        . = ALIGN (0x8)
 *fill*         0x2000023c        0x4 
                [!provide]                        PROVIDE (end = .)
                0x20000240                        PROVIDE (_end = .)
                0x20000440                        . = (. + _Min_Heap_Size)
 *fill*         0x20000240      0x200 
                0x20000840                        . = (. + _Min_Stack_Size)
 *fill*         0x20000440      0x400 
                0x20000840                        . = ALIGN (0x8)

/DISCARD/
 libc.a(*)
 libm.a(*)
 libgcc.a(*)

.ARM.attributes
                0x00000000       0x29
 *(.ARM.attributes)
 .ARM.attributes
                0x00000000       0x1d C:/ST/STM32CubeIDE_2.0.0/STM32CubeIDE/plugins/com.st.stm32cube.ide.mcu.externaltools.gnu-tools-for-stm32.13.3.rel1.win32_1.0.100.202509120712/tools/bin/../lib/gcc/arm-none-eabi/13.3.1/thumb/v7-m/nofp/crti.o
 .ARM.attributes
                0x0000001d       0x2d C:/ST/STM32CubeIDE_2.0.0/STM32CubeIDE/plugins/com.st.stm32cube.ide.mcu.externaltools.gnu-tools-for-stm32.13.3.rel1.win32_1.0.100.202509120712/tools/bin/../lib/gcc/arm-none-eabi/13.3.1/thumb/v7-m/nofp/crtbegin.o
 .ARM.attributes
                0x0000004a       0x2d ./Core/Src/bsp.o
 .ARM.attributes
                0x00000077       0x2d ./Core/Src/cli.o
 .ARM.attributes
                0x000000a4       0x2d ./Core/Src/dma.o
 .ARM.attributes
                0x000000d1       0x2d ./Core/Src/main.o
 .ARM.attributes
                0x000000fe       0x2d ./Core/Src/qbuffer.o
 .ARM.attributes
                0x0000012b       0x2d ./Core/Src/rtc.o
 .ARM.attributes
                0x00000158       0x2d ./Core/Src/stm32f1xx_it.o
 .ARM.attributes
                0x00000185       0x2d ./Core/Src/system_stm32f1xx.o
 .ARM.attributes
                0x000001b2       0x2d ./Core/Src/uart.o
 .ARM.attributes
                0x000001df       0x21 ./Core/Startup/startup_stm32f103rbtx.o
 .ARM.attributes
                0x00000200       0x2d ./Drivers/STM32F1xx_HAL_Driver/Src/stm32f1xx_ll_exti.o
 .ARM.attributes
                0x0000022d       0x2d ./Drivers/STM32F1xx_HAL_Driver/Src/stm32f1xx_ll_gpio.o
 .ARM.attributes
                0x0000025a       0x2d ./Drivers/STM32F1xx_HAL_Driver/Src/stm32f1xx_ll_rcc.o
 .ARM.attributes
                0x00000287       0x2d ./Drivers/STM32F1xx_HAL_Driver/Src/stm32f1xx_ll_rtc.o
 .ARM.attributes
                0x000002b4       0x2d ./Drivers/STM32F1xx_HAL_Driver/Src/stm32f1xx_ll_usart.o
 .ARM.attributes
                0x000002e1       0x2d ./Drivers/STM32F1xx_HAL_Driver/Src/stm32f1xx_ll_utils.o
 .ARM.attributes
                0x0000030e       0x2d C:/ST/STM32CubeIDE_2.0.0/STM32CubeIDE/plugins/com.st.stm32cube.ide.mcu.externaltools.gnu-tools-for-stm32.13.3.rel1.win32_1.0.100.202509120712/tools/bin/../lib/gcc/arm-none-eabi/13.3.1/../../../../arm-none-eabi/lib/thumb/v7-m/nofp\libc_nano.a(libc_a-init.o)
 .ARM.attributes
                0x0000033b       0x2d C:/ST/STM32CubeIDE_2.0.0/STM32CubeIDE/plugins/com.st.stm32cube.ide.mcu.externaltools.gnu-tools-for-stm32.13.3.rel1.win32_1.0.100.202509120712/tools/bin/../lib/gcc/arm-none-eabi/13.3.1/../../../../arm-none-eabi/lib/thumb/v7-m/nofp\libc_nano.a(libc_a-memcpy-stub.o)
 .ARM.attributes
                0x00000368       0x1d C:/ST/STM32CubeIDE_2.0.0/STM32CubeIDE/plugins/com.st.stm32cube.ide.mcu.externaltools.gnu-tools-for-stm32.13.3.rel1.win32_1.0.100.202509120712/tools/bin/../lib/gcc/arm-none-eabi/13.3.1/thumb/v7-m/nofp/crtn.o
OUTPUT(Bootloader.elf elf32-littlearm)
LOAD linker stubs
LOAD C:/ST/STM32CubeIDE_2.0.0/STM32CubeIDE/plugins/com.st.stm32cube.ide.mcu.externaltools.gnu-tools-for-stm32.13.3.rel1.win32_1.0.100.202509120712/tools/bin/../lib/gcc/arm-none-eabi/13.3.1/../../../../arm-none-eabi/lib/thumb/v7-m/nofp\libc.a
LOAD C:/ST/STM32CubeIDE_2.0.0/STM32CubeIDE/plugins/com.st.stm32cube.ide.mcu.externaltools.gnu-tools-for-stm32.13.3.rel1.win32_1.0.100.202509120712/tools/bin/../lib/gcc/arm-none-eabi/13.3.1/../../../../arm-none-eabi/lib/thumb/v7-m/nofp\libm.a
LOAD C:/ST/STM32CubeIDE_2.0.0/STM32CubeIDE/plugins/com.st.stm32cube.ide.mcu.externaltools.gnu-tools-for-stm32.13.3.rel1.win32_1.0.100.202509120712/tools/bin/../lib/gcc/arm-none-eabi/13.3.1/thumb/v7-m/nofp\libgcc.a

.debug_info     0x00000000     0x5f7a
 .debug_info    0x00000000      0xeee ./Core/Src/bsp.o
 .debug_info    0x00000eee      0x8c2 ./Core/Src/cli.o
 .debug_info    0x000017b0      0x703 ./Core/Src/dma.o
 .debug_info    0x00001eb3      0x1fb ./Core/Src/main.o
 .debug_info    0x000020ae      0x3b3 ./Core/Src/qbuffer.o
 .debug_info    0x00002461      0x56f ./Core/Src/rtc.o
 .debug_info    0x000029d0      0x264 ./Core/Src/stm32f1xx_it.o
 .debug_info    0x00002c34      0x3e6 ./Core/Src/system_stm32f1xx.o
 .debug_info    0x0000301a      0xace ./Core/Src/uart.o
 .debug_info    0x00003ae8       0x30 ./Core/Startup/startup_stm32f103rbtx.o
 .debug_info    0x00003b18      0x330 ./Drivers/STM32F1xx_HAL_Driver/Src/stm32f1xx_ll_exti.o
 .debug_info    0x00003e48      0x59a ./Drivers/STM32F1xx_HAL_Driver/Src/stm32f1xx_ll_gpio.o
 .debug_info    0x000043e2      0x54b ./Drivers/STM32F1xx_HAL_Driver/Src/stm32f1xx_ll_rcc.o
 .debug_info    0x0000492d      0x8aa ./Drivers/STM32F1xx_HAL_Driver/Src/stm32f1xx_ll_rtc.o
 .debug_info    0x000051d7      0x5c2 ./Drivers/STM32F1xx_HAL_Driver/Src/stm32f1xx_ll_usart.o
 .debug_info    0x00005799      0x7e1 ./Drivers/STM32F1xx_HAL_Driver/Src/stm32f1xx_ll_utils.o

.debug_abbrev   0x00000000     0x1dfb
 .debug_abbrev  0x00000000      0x321 ./Core/Src/bsp.o
 .debug_abbrev  0x00000321      0x2c7 ./Core/Src/cli.o
 .debug_abbrev  0x000005e8      0x197 ./Core/Src/dma.o
 .debug_abbrev  0x0000077f      0x168 ./Core/Src/main.o
 .debug_abbrev  0x000008e7      0x132 ./Core/Src/qbuffer.o
 .debug_abbrev  0x00000a19      0x213 ./Core/Src/rtc.o
 .debug_abbrev  0x00000c2c      0x16f ./Core/Src/stm32f1xx_it.o
 .debug_abbrev  0x00000d9b      0x13d ./Core/Src/system_stm32f1xx.o
 .debug_abbrev  0x00000ed8      0x2c3 ./Core/Src/uart.o
 .debug_abbrev  0x0000119b       0x24 ./Core/Startup/startup_stm32f103rbtx.o
 .debug_abbrev  0x000011bf      0x18a ./Drivers/STM32F1xx_HAL_Driver/Src/stm32f1xx_ll_exti.o
 .debug_abbrev  0x00001349      0x20d ./Drivers/STM32F1xx_HAL_Driver/Src/stm32f1xx_ll_gpio.o
 .debug_abbrev  0x00001556      0x273 ./Drivers/STM32F1xx_HAL_Driver/Src/stm32f1xx_ll_rcc.o
 .debug_abbrev  0x000017c9      0x21d ./Drivers/STM32F1xx_HAL_Driver/Src/stm32f1xx_ll_rtc.o
 .debug_abbrev  0x000019e6      0x1c7 ./Drivers/STM32F1xx_HAL_Driver/Src/stm32f1xx_ll_usart.o
 .debug_abbrev  0x00001bad      0x24e ./Drivers/STM32F1xx_HAL_Driver/Src/stm32f1xx_ll_utils.o

.debug_aranges  0x00000000      0x898
 .debug_aranges
                0x00000000      0x148 ./Core/Src/bsp.o
 .debug_aranges
                0x00000148       0x80 ./Core/Src/cli.o
 .debug_aranges
                0x000001c8       0x48 ./Core/Src/dma.o
 .debug_aranges
                0x00000210       0x28 ./Core/Src/main.o
 .debug_aranges
                0x00000238       0x60 ./Core/Src/qbuffer.o
 .debug_aranges
                0x00000298       0x60 ./Core/Src/rtc.o
 .debug_aranges
                0x000002f8       0x78 ./Core/Src/stm32f1xx_it.o
 .debug_aranges
                0x00000370       0x28 ./Core/Src/system_stm32f1xx.o
 .debug_aranges
                0x00000398       0xc8 ./Core/Src/uart.o
 .debug_aranges
                0x00000460       0x28 ./Core/Startup/startup_stm32f103rbtx.o
 .debug_aranges
                0x00000488       0x70 ./Drivers/STM32F1xx_HAL_Driver/Src/stm32f1xx_ll_exti.o
 .debug_aranges
                0x000004f8       0x60 ./Drivers/STM32F1xx_HAL_Driver/Src/stm32f1xx_ll_gpio.o
 .debug_aranges
                0x00000558       0xd8 ./Drivers/STM32F1xx_HAL_Driver/Src/stm32f1xx_ll_rcc.o
 .debug_aranges
                0x00000630       0xe8 ./Drivers/STM32F1xx_HAL_Driver/Src/stm32f1xx_ll_rtc.o
 .debug_aranges
                0x00000718       0x88 ./Drivers/STM32F1xx_HAL_Driver/Src/stm32f1xx_ll_usart.o
 .debug_aranges
                0x000007a0       0xf8 ./Drivers/STM32F1xx_HAL_Driver/Src/stm32f1xx_ll_utils.o

.debug_rnglists
                0x00000000      0x636
 .debug_rnglists
                0x00000000       0xf3 ./Core/Src/bsp.o
 .debug_rnglists
                0x000000f3       0x5f ./Core/Src/cli.o
 .debug_rnglists
                0x00000152       0x31 ./Core/Src/dma.o
 .debug_rnglists
                0x00000183       0x19 ./Core/Src/main.o
 .debug_rnglists
                0x0000019c       0x45 ./Core/Src/qbuffer.o
 .debug_rnglists
                0x000001e1       0x43 ./Core/Src/rtc.o
 .debug_rnglists
                0x00000224       0x55 ./Core/Src/stm32f1xx_it.o
 .debug_rnglists
                0x00000279       0x1a ./Core/Src/system_stm32f1xx.o
 .debug_rnglists
                0x00000293       0x92 ./Core/Src/uart.o
 .debug_rnglists
                0x00000325       0x19 ./Core/Startup/startup_stm32f103rbtx.o
 .debug_rnglists
                0x0000033e       0x50 ./Drivers/STM32F1xx_HAL_Driver/Src/stm32f1xx_ll_exti.o
 .debug_rnglists
                0x0000038e       0x45 ./Drivers/STM32F1xx_HAL_Driver/Src/stm32f1xx_ll_gpio.o
 .debug_rnglists
                0x000003d3       0x9d ./Drivers/STM32F1xx_HAL_Driver/Src/stm32f1xx_ll_rcc.o
 .debug_rnglists
                0x00000470       0xac ./Drivers/STM32F1xx_HAL_Driver/Src/stm32f1xx_ll_rtc.o
 .debug_rnglists
                0x0000051c       0x63 ./Drivers/STM32F1xx_HAL_Driver/Src/stm32f1xx_ll_usart.o
 .debug_rnglists
                0x0000057f       0xb7 ./Drivers/STM32F1xx_HAL_Driver/Src/stm32f1xx_ll_utils.o

.debug_macro    0x00000000     0x2329
 .debug_macro   0x00000000      0x2cd ./Core/Src/bsp.o
 .debug_macro   0x000002cd      0x2d1 ./Core/Src/cli.o
 .debug_macro   0x0000059e      0x2d1 ./Core/Src/dma.o
 .debug_macro   0x0000086f      0x2cd ./Core/Src/main.o
 .debug_macro   0x00000b3c      0x1cd ./Core/Src/qbuffer.o
 .debug_macro   0x00000d09      0x2d1 ./Core/Src/rtc.o
 .debug_macro   0x00000fda      0x2d1 ./Core/Src/stm32f1xx_it.o
 .debug_macro   0x000012ab       0xc8 ./Core/Src/system_stm32f1xx.o
 .debug_macro   0x00001373       0x8e ./Core/Src/system_stm32f1xx.o
 .debug_macro   0x00001401       0x51 ./Core/Src/system_stm32f1xx.o
 .debug_macro   0x00001452      0x2df ./Core/Src/uart.o
 .debug_macro   0x00001731       0xe3 ./Drivers/STM32F1xx_HAL_Driver/Src/stm32f1xx_ll_exti.o
 .debug_macro   0x00001814       0xca ./Drivers/STM32F1xx_HAL_Driver/Src/stm32f1xx_ll_exti.o
 .debug_macro   0x000018de       0xf8 ./Drivers/STM32F1xx_HAL_Driver/Src/stm32f1xx_ll_gpio.o
 .debug_macro   0x000019d6       0xdd ./Drivers/STM32F1xx_HAL_Driver/Src/stm32f1xx_ll_rcc.o
 .debug_macro   0x00001ab3      0x2b8 ./Drivers/STM32F1xx_HAL_Driver/Src/stm32f1xx_ll_rcc.o
 .debug_macro   0x00001d6b      0x110 ./Drivers/STM32F1xx_HAL_Driver/Src/stm32f1xx_ll_rtc.o
 .debug_macro   0x00001e7b       0x9c ./Drivers/STM32F1xx_HAL_Driver/Src/stm32f1xx_ll_rtc.o
 .debug_macro   0x00001f17      0x12b ./Drivers/STM32F1xx_HAL_Driver/Src/stm32f1xx_ll_usart.o
 .debug_macro   0x00002042      0x1ae ./Drivers/STM32F1xx_HAL_Driver/Src/stm32f1xx_ll_usart.o
 .debug_macro   0x000021f0      0x139 ./Drivers/STM32F1xx_HAL_Driver/Src/stm32f1xx_ll_utils.o

.debug_line     0x00000000     0x8a21
 .debug_line    0x00000000      0xdd2 ./Core/Src/bsp.o
 .debug_line    0x00000dd2      0xcd6 ./Core/Src/cli.o
 .debug_line    0x00001aa8      0x91e ./Core/Src/dma.o
 .debug_line    0x000023c6      0x84f ./Core/Src/main.o
 .debug_line    0x00002c15      0x8c9 ./Core/Src/qbuffer.o
 .debug_line    0x000034de      0x924 ./Core/Src/rtc.o
 .debug_line    0x00003e02      0x926 ./Core/Src/stm32f1xx_it.o
 .debug_line    0x00004728      0x56c ./Core/Src/system_stm32f1xx.o
 .debug_line    0x00004c94      0xb3d ./Core/Src/uart.o
 .debug_line    0x000057d1       0x78 ./Core/Startup/startup_stm32f103rbtx.o
 .debug_line    0x00005849      0x682 ./Drivers/STM32F1xx_HAL_Driver/Src/stm32f1xx_ll_exti.o
 .debug_line    0x00005ecb      0x7ca ./Drivers/STM32F1xx_HAL_Driver/Src/stm32f1xx_ll_gpio.o
 .debug_line    0x00006695      0x8f9 ./Drivers/STM32F1xx_HAL_Driver/Src/stm32f1xx_ll_rcc.o
 .debug_line    0x00006f8e      0x9ab ./Drivers/STM32F1xx_HAL_Driver/Src/stm32f1xx_ll_rtc.o
 .debug_line    0x00007939      0x746 ./Drivers/STM32F1xx_HAL_Driver/Src/stm32f1xx_ll_usart.o
 .debug_line    0x0000807f      0x9a2 ./Drivers/STM32F1xx_HAL_Driver/Src/stm32f1xx_ll_utils.o

.debug_str      0x00000000    0x611ec
 .debug_str     0x00000000    0x611ec ./Core/Src/bsp.o
                              0x5ea65 (size before relaxing)
 .debug_str     0x000611ec        0x0 ./Core/Src/cli.o
                              0x5e39a (size before relaxing)
 .debug_str     0x000611ec        0x0 ./Core/Src/dma.o
                              0x5e5ca (size before relaxing)
 .debug_str     0x000611ec        0x0 ./Core/Src/main.o
                              0x5e174 (size before relaxing)
 .debug_str     0x000611ec        0x0 ./Core/Src/qbuffer.o
                              0x5966f (size before relaxing)
 .debug_str     0x000611ec        0x0 ./Core/Src/rtc.o
                              0x5e323 (size before relaxing)
 .debug_str     0x000611ec        0x0 ./Core/Src/stm32f1xx_it.o
                              0x5e1ff (size before relaxing)
 .debug_str     0x000611ec        0x0 ./Core/Src/system_stm32f1xx.o
                              0x5488b (size before relaxing)
 .debug_str     0x000611ec        0x0 ./Core/Src/uart.o
                              0x5e5ab (size before relaxing)
 .debug_str     0x000611ec        0x0 ./Core/Startup/startup_stm32f103rbtx.o
                                 0x7e (size before relaxing)
 .debug_str     0x000611ec        0x0 ./Drivers/STM32F1xx_HAL_Driver/Src/stm32f1xx_ll_exti.o
                              0x54f15 (size before relaxing)
 .debug_str     0x000611ec        0x0 ./Drivers/STM32F1xx_HAL_Driver/Src/stm32f1xx_ll_gpio.o
                              0x56133 (size before relaxing)
 .debug_str     0x000611ec        0x0 ./Drivers/STM32F1xx_HAL_Driver/Src/stm32f1xx_ll_rcc.o
                              0x55cba (size before relaxing)
 .debug_str     0x000611ec        0x0 ./Drivers/STM32F1xx_HAL_Driver/Src/stm32f1xx_ll_rtc.o
                              0x552e7 (size before relaxing)
 .debug_str     0x000611ec        0x0 ./Drivers/STM32F1xx_HAL_Driver/Src/stm32f1xx_ll_usart.o
                              0x5753b (size before relaxing)
 .debug_str     0x000611ec        0x0 ./Drivers/STM32F1xx_HAL_Driver/Src/stm32f1xx_ll_utils.o
                              0x569af (size before relaxing)

.comment        0x00000000       0x43
 .comment       0x00000000       0x43 ./Core/Src/bsp.o
                                 0x44 (size before relaxing)
 .comment       0x00000043        0x0 ./Core/Src/cli.o
                                 0x44 (size before relaxing)
 .comment       0x00000043        0x0 ./Core/Src/dma.o
                                 0x44 (size before relaxing)
 .comment       0x00000043        0x0 ./Core/Src/main.o
                                 0x44 (size before relaxing)
 .comment       0x00000043        0x0 ./Core/Src/qbuffer.o
                                 0x44 (size before relaxing)
 .comment       0x00000043        0x0 ./Core/Src/rtc.o
                                 0x44 (size before relaxing)
 .comment       0x00000043        0x0 ./Core/Src/stm32f1xx_it.o
                                 0x44 (size before relaxing)
 .comment       0x00000043        0x0 ./Core/Src/system_stm32f1xx.o
                                 0x44 (size before relaxing)
 .comment       0x00000043        0x0 ./Core/Src/uart.o
                                 0x44 (size before relaxing)
 .comment       0x00000043        0x0 ./Drivers/STM32F1xx_HAL_Driver/Src/stm32f1xx_ll_exti.o
                                 0x44 (size before relaxing)
 .comment       0x00000043        0x0 ./Drivers/STM32F1xx_HAL_Driver/Src/stm32f1xx_ll_gpio.o
                                 0x44 (size before relaxing)
 .comment       0x00000043        0x0 ./Drivers/STM32F1xx_HAL_Driver/Src/stm32f1xx_ll_rcc.o
                                 0x44 (size before relaxing)
 .comment       0x00000043        0x0 ./Drivers/STM32F1xx_HAL_Driver/Src/stm32f1xx_ll_rtc.o
                                 0x44 (size before relaxing)
 .comment       0x00000043        0x0 ./Drivers/STM32F1xx_HAL_Driver/Src/stm32f1xx_ll_usart.o
                                 0x44 (size before relaxing)
 .comment       0x00000043        0x0 ./Drivers/STM32F1xx_HAL_Driver/Src/stm32f1xx_ll_utils.o
                                 0x44 (size before relaxing)

.debug_frame    0x00000000     0x217c
 .debug_frame   0x00000000      0x554 ./Core/Src/bsp.o
 .debug_frame   0x00000554      0x1f4 ./Core/Src/cli.o
 .debug_frame   0x00000748       0xec ./Core/Src/dma.o
 .debug_frame   0x00000834       0x54 ./Core/Src/main.o
 .debug_frame   0x00000888      0x170 ./Core/Src/qbuffer.o
 .debug_frame   0x000009f8      0x15c ./Core/Src/rtc.o
 .debug_frame   0x00000b54      0x174 ./Core/Src/stm32f1xx_it.o
 .debug_frame   0x00000cc8       0x58 ./Core/Src/system_stm32f1xx.o
 .debug_frame   0x00000d20      0x368 ./Core/Src/uart.o
 .debug_frame   0x00001088      0x1bc ./Drivers/STM32F1xx_HAL_Driver/Src/stm32f1xx_ll_exti.o
 .debug_frame   0x00001244      0x170 ./Drivers/STM32F1xx_HAL_Driver/Src/stm32f1xx_ll_gpio.o
 .debug_frame   0x000013b4      0x34c ./Drivers/STM32F1xx_HAL_Driver/Src/stm32f1xx_ll_rcc.o
 .debug_frame   0x00001700      0x3f4 ./Drivers/STM32F1xx_HAL_Driver/Src/stm32f1xx_ll_rtc.o
 .debug_frame   0x00001af4      0x234 ./Drivers/STM32F1xx_HAL_Driver/Src/stm32f1xx_ll_usart.o
 .debug_frame   0x00001d28      0x400 ./Drivers/STM32F1xx_HAL_Driver/Src/stm32f1xx_ll_utils.o
 .debug_frame   0x00002128       0x2c C:/ST/STM32CubeIDE_2.0.0/STM32CubeIDE/plugins/com.st.stm32cube.ide.mcu.externaltools.gnu-tools-for-stm32.13.3.rel1.win32_1.0.100.202509120712/tools/bin/../lib/gcc/arm-none-eabi/13.3.1/../../../../arm-none-eabi/lib/thumb/v7-m/nofp\libc_nano.a(libc_a-init.o)
 .debug_frame   0x00002154       0x28 C:/ST/STM32CubeIDE_2.0.0/STM32CubeIDE/plugins/com.st.stm32cube.ide.mcu.externaltools.gnu-tools-for-stm32.13.3.rel1.win32_1.0.100.202509120712/tools/bin/../lib/gcc/arm-none-eabi/13.3.1/../../../../arm-none-eabi/lib/thumb/v7-m/nofp\libc_nano.a(libc_a-memcpy-stub.o)

.debug_line_str
                0x00000000       0x62
 .debug_line_str
                0x00000000       0x62 ./Core/Startup/startup_stm32f103rbtx.o
